exports[`ListDisplay runs the ListDisplay 1`] = `<ul />`;
