exports[`gallery view gallery display 1`] = `<ul />`;
