exports[`thumbnail view thumbnail display 1`] = `<ul />`;
