exports[`GalleryApp runs the GalleryApp 1`] = `
<div>
  <ViewSelect
    handleClick={[Function]} />
  <ImageView
    classname="viewer"
    image={
      Object {
        "description": "Isn\'t it fuzzy-wuzzy cutest thing you\'ve ever seen?",
        "title": "Cute Bunny",
        "url": "http://f.cl.ly/items/3g3J1G0w122M360w380O/3726490195_f7cc75d377_o.jpg",
      }
    }
    viewSelected="listImage" />
</div>
`;
