exports[`Gallery component renders the Gallery component 1`] = `
<figure>
  <img
    alt="_title gallery view"
    src="_url" />
  <figcaption>
    _title
     
    <br />
    _description
  </figcaption>
</figure>
`;
