exports[`GalleryDisplay runs the GalleryDisplay 1`] = `<div />`;
