exports[`Wrapper runs the wrapper 1`] = `null`;

exports[`test renders a snpashot 1`] = `[Function]`;
