exports[`ThumbnailView component:  renders the ThumbnailView component 1`] = `
<div
  className="image-divs">
  <p>
     Title: 
     
  </p>
  <img
    alt="cute bunny"
    className="thumbnail" />
</div>
`;
