exports[`Thumbnail component renders the Thumbnail component 1`] = `
<figure>
  <img
    alt="_title thumbnail"
    className="thumbnail"
    src="_url" />
  <figcaption>
    _title
  </figcaption>
</figure>
`;
