exports[`detail display detail display 1`] = `<ul />`;
