exports[`list display list display 1`] = `<ul />`;
