exports[`App runs the App 1`] = `
<div>
  <h1>
    Image Gallery
  </h1>
  <FormContainer
    addImage={[Function]} />
  <DisplaySelector
    setDisplay={[Function]} />
  <ListDisplay
    deleteImage={[Function]}
    images={Array []} />
</div>
`;
