exports[`MapGallery  runs the Gallery component 1`] = `
<div
  className="mainContent">
  <li>
    <DisplayGallery
      image={
        Object {
          "description": "Isn\'t it fuzzy-wuzzy cutest thing you\'ve ever seen?",
          "title": "Cute Bunny",
          "url": "http://f.cl.ly/items/3g3J1G0w122M360w380O/3726490195_f7cc75d377_o.jpg",
        }
      } />
  </li>
</div>
`;
