exports[`MapThumbnails runs the MapThumbnails component 1`] = `
<div
  className="mainContent">
  <ul>
    <li>
      <DisplayThumbnail
        image={
          Object {
            "description": "Isn\'t it fuzzy-wuzzy cutest thing you\'ve ever seen?",
            "title": "Cute Bunny",
            "url": "http://f.cl.ly/items/3g3J1G0w122M360w380O/3726490195_f7cc75d377_o.jpg",
          }
        } />
    </li>
  </ul>
</div>
`;
