exports[`Gallery  runs the Gallery component 1`] = `
<div>
  <img
    alt="Cute Bunny"
    src="http://f.cl.ly/items/3g3J1G0w122M360w380O/3726490195_f7cc75d377_o.jpg" />
</div>
`;
