exports[`Thumbnail runs the Thumbnail component 1`] = `
<div>
  <img
    alt="Cute Bunny"
    height="100px"
    src="http://f.cl.ly/items/3g3J1G0w122M360w380O/3726490195_f7cc75d377_o.jpg"
    width="100px" />
  <h4>
    Cute Bunny
  </h4>
</div>
`;
